#-----------------------------------------------------------
# Vivado v2017.3 (64-bit)
# SW Build 2018833 on Wed Oct  4 19:58:22 MDT 2017
# IP Build 2016188 on Wed Oct  4 21:52:56 MDT 2017
# Start of session at: Thu Dec  7 16:07:40 2017
# Process ID: 5356
# Current directory: E:/XilinxProjects/YaoPad/YaoPad
# Command line: vivado.exe -gui_launcher_event rodinguilauncherevent1056 E:\XilinxProjects\YaoPad\YaoPad\YaoPad.xpr
# Log file: E:/XilinxProjects/YaoPad/YaoPad/vivado.log
# Journal file: E:/XilinxProjects/YaoPad/YaoPad\vivado.jou
#-----------------------------------------------------------
start_gui
open_project E:/XilinxProjects/YaoPad/YaoPad/YaoPad.xpr
update_compile_order -fileset sources_1
reset_run synth_1
launch_runs impl_1 -to_step write_bitstream -jobs 2
wait_on_run impl_1
reorder_files -fileset constrs_1 -after E:/XilinxProjects/YaoPad/YaoPad/YaoPad.srcs/constrs_1/new/thinpad_top.xdc E:/XilinxProjects/YaoPad/YaoPad/YaoPad.srcs/constrs_1/new/thinpad_top.xdc
launch_runs impl_1 -to_step write_bitstream -jobs 2
wait_on_run impl_1
reset_run synth_1
launch_runs impl_1 -to_step write_bitstream -jobs 2
wait_on_run impl_1
reset_run synth_1
launch_runs impl_1 -to_step write_bitstream -jobs 2
wait_on_run impl_1
open_run impl_1
update_compile_order -fileset sources_1
update_compile_order -fileset sources_1
reset_run synth_1
launch_runs impl_1 -to_step write_bitstream -jobs 2
wait_on_run impl_1
